// Jest Snapshot v1, https://goo.gl/fbAQLP

exports[`RecentReview Presentational 테스트 로딩중 1`] = `
<div>
  <section
    class="mainBlock"
    data-testid="loading"
  >
    <div
      class="subBlock"
    >
      <div
        class="leftBlock"
      >
        <div
          class="title"
        >
          <div
            class="loadingTitle"
          />
          <div
            class="loadingTitle"
          />
        </div>
        <div
          class="summary"
        >
          <div
            class="loadingSummary"
          />
          <div
            class="loadingSummary"
          />
          <div
            class="loadingSummary"
          />
          <div
            class="loadingSummary"
          />
        </div>
      </div>
      <div
        class="reviewList"
      >
        <div
          class="reviewBlock"
        >
          <div
            class="loadingUser"
          />
          <div
            class="loadingStoreName"
          />
          <div
            class="loadingReview"
          />
          <div
            class="loadingReview"
          />
        </div>
        <div
          class="reviewBlock"
        >
          <div
            class="loadingUser"
          />
          <div
            class="loadingStoreName"
          />
          <div
            class="loadingReview"
          />
          <div
            class="loadingReview"
          />
        </div>
        <div
          class="reviewBlock"
        >
          <div
            class="loadingUser"
          />
          <div
            class="loadingStoreName"
          />
          <div
            class="loadingReview"
          />
          <div
            class="loadingReview"
          />
        </div>
      </div>
    </div>
  </section>
</div>
`;

exports[`RecentReview Presentational 테스트 에러발생 1`] = `
<div>
  <section
    class="mainBlock"
    data-testid="error"
  >
    <p
      class="error"
    >
      에러가 발생하였습니다
    </p>
  </section>
</div>
`;

exports[`RecentReview Presentational 테스트 정상 출력 1`] = `
<div>
  <section
    class="mainBlock"
    data-testid="result"
  >
    <div
      class="subBlock"
    >
      <div
        class="leftBlock"
      >
        <h3
          class="title"
        >
          현재
          <span
            class="color"
          >
            15
          </span>
          개의
          <br />
           리뷰가 등록되어 있습니다.
        </h3>
        <p
          class="summary"
        >
          리뷰 참여자 분들의 도움으로
          <br />
           사이트가 발전합니다.
          <br />
           간단한 리뷰일지라도 등록해주시면
          <br />
           다양한 사용자에게 도움이 됩니다.
        </p>
      </div>
      <div
        class="reviewList"
      >
        <div
          class="reviewBlock"
        >
          <div
            class="headBlock"
          >
            <p
              class="user"
            >
              testNickname
            </p>
            <p
              class="time"
            >
              testCreatedAt
            </p>
          </div>
          <h4
            class="storeName"
            data-testid="moveTargetStore0"
          >
            testStoreName
          </h4>
          <p
            class="review"
          >
            testContent
          </p>
          <div
            class="hashtagList"
          >
            <div
              class="hashtag"
            >
              #
              testHashtag
            </div>
          </div>
        </div>
        <div
          class="reviewBlock"
        >
          <div
            class="headBlock"
          >
            <p
              class="user"
            >
              testNickname
            </p>
            <p
              class="time"
            >
              testCreatedAt
            </p>
          </div>
          <h4
            class="storeName"
            data-testid="moveTargetStore1"
          >
            testStoreName
          </h4>
          <p
            class="review"
          >
            testContent
          </p>
          <div
            class="hashtagList"
          >
            <div
              class="hashtag"
            >
              #
              testHashtag
            </div>
          </div>
        </div>
        <div
          class="reviewBlock"
        >
          <div
            class="headBlock"
          >
            <p
              class="user"
            >
              testNickname
            </p>
            <p
              class="time"
            >
              testCreatedAt
            </p>
          </div>
          <h4
            class="storeName"
            data-testid="moveTargetStore2"
          >
            testStoreName
          </h4>
          <p
            class="review"
          >
            testContent
          </p>
          <div
            class="hashtagList"
          >
            <div
              class="hashtag"
            >
              #
              testHashtag
            </div>
          </div>
        </div>
        <div
          class="reviewBlock"
        >
          <div
            class="headBlock"
          >
            <p
              class="user"
            >
              testNickname
            </p>
            <p
              class="time"
            >
              testCreatedAt
            </p>
          </div>
          <h4
            class="storeName"
            data-testid="moveTargetStore3"
          >
            testStoreName
          </h4>
          <p
            class="review"
          >
            testContent
          </p>
          <div
            class="hashtagList"
          >
            <div
              class="hashtag"
            >
              #
              testHashtag
            </div>
          </div>
        </div>
        <div
          class="reviewBlock"
        >
          <div
            class="headBlock"
          >
            <p
              class="user"
            >
              testNickname
            </p>
            <p
              class="time"
            >
              testCreatedAt
            </p>
          </div>
          <h4
            class="storeName"
            data-testid="moveTargetStore4"
          >
            testStoreName
          </h4>
          <p
            class="review"
          >
            testContent
          </p>
          <div
            class="hashtagList"
          >
            <div
              class="hashtag"
            >
              #
              testHashtag
            </div>
          </div>
        </div>
        <div
          class="reviewBlock"
        >
          <div
            class="headBlock"
          >
            <p
              class="user"
            >
              testNickname
            </p>
            <p
              class="time"
            >
              testCreatedAt
            </p>
          </div>
          <h4
            class="storeName"
            data-testid="moveTargetStore5"
          >
            testStoreName
          </h4>
          <p
            class="review"
          >
            testContent
          </p>
          <div
            class="hashtagList"
          >
            <div
              class="hashtag"
            >
              #
              testHashtag
            </div>
          </div>
        </div>
        <div
          class="reviewBlock"
        >
          <div
            class="headBlock"
          >
            <p
              class="user"
            >
              testNickname
            </p>
            <p
              class="time"
            >
              testCreatedAt
            </p>
          </div>
          <h4
            class="storeName"
            data-testid="moveTargetStore6"
          >
            testStoreName
          </h4>
          <p
            class="review"
          >
            testContent
          </p>
          <div
            class="hashtagList"
          >
            <div
              class="hashtag"
            >
              #
              testHashtag
            </div>
          </div>
        </div>
        <div
          class="reviewBlock"
        >
          <div
            class="headBlock"
          >
            <p
              class="user"
            >
              testNickname
            </p>
            <p
              class="time"
            >
              testCreatedAt
            </p>
          </div>
          <h4
            class="storeName"
            data-testid="moveTargetStore7"
          >
            testStoreName
          </h4>
          <p
            class="review"
          >
            testContent
          </p>
          <div
            class="hashtagList"
          >
            <div
              class="hashtag"
            >
              #
              testHashtag
            </div>
          </div>
        </div>
        <div
          class="reviewBlock"
        >
          <div
            class="headBlock"
          >
            <p
              class="user"
            >
              testNickname
            </p>
            <p
              class="time"
            >
              testCreatedAt
            </p>
          </div>
          <h4
            class="storeName"
            data-testid="moveTargetStore8"
          >
            testStoreName
          </h4>
          <p
            class="review"
          >
            testContent
          </p>
          <div
            class="hashtagList"
          >
            <div
              class="hashtag"
            >
              #
              testHashtag
            </div>
          </div>
        </div>
        <div
          class="reviewBlock"
        >
          <div
            class="headBlock"
          >
            <p
              class="user"
            >
              testNickname
            </p>
            <p
              class="time"
            >
              testCreatedAt
            </p>
          </div>
          <h4
            class="storeName"
            data-testid="moveTargetStore9"
          >
            testStoreName
          </h4>
          <p
            class="review"
          >
            testContent
          </p>
          <div
            class="hashtagList"
          >
            <div
              class="hashtag"
            >
              #
              testHashtag
            </div>
          </div>
        </div>
      </div>
    </div>
  </section>
</div>
`;
