// Jest Snapshot v1, https://goo.gl/fbAQLP

exports[`StoreInfo Presentational 테스트 스토어가 렌더링되지 않은 경우 1`] = `<div />`;

exports[`StoreInfo Presentational 테스트 스토어가 로딩중인 경우 1`] = `
<div>
  <section
    class="mainBlock fold"
    data-testid="loading"
  >
    <div
      class="loadingBlock"
    >
      <span
        style="box-sizing: border-box; display: block; overflow: hidden; background: none; opacity: 1; border: 0px; margin: 0px; padding: 0px; position: absolute; top: 0px; left: 0px; bottom: 0px; right: 0px;"
      >
        <img
          alt="searchImg"
          data-nimg="fill"
          decoding="async"
          sizes="100vw"
          src="/_next/image?url=%2FsearchResultLoading.gif&w=3840&q=75"
          srcset="/_next/image?url=%2FsearchResultLoading.gif&w=640&q=75 640w, /_next/image?url=%2FsearchResultLoading.gif&w=750&q=75 750w, /_next/image?url=%2FsearchResultLoading.gif&w=828&q=75 828w, /_next/image?url=%2FsearchResultLoading.gif&w=1080&q=75 1080w, /_next/image?url=%2FsearchResultLoading.gif&w=1200&q=75 1200w, /_next/image?url=%2FsearchResultLoading.gif&w=1920&q=75 1920w, /_next/image?url=%2FsearchResultLoading.gif&w=2048&q=75 2048w, /_next/image?url=%2FsearchResultLoading.gif&w=3840&q=75 3840w"
          style="position: absolute; top: 0px; left: 0px; bottom: 0px; right: 0px; box-sizing: border-box; padding: 0px; margin: auto; display: block; width: 0px; height: 0px; min-width: 100%; max-width: 100%; min-height: 100%; max-height: 100%; object-fit: contain;"
        />
      </span>
    </div>
  </section>
</div>
`;

exports[`StoreInfo Presentational 테스트 에러가 발생한 경우 1`] = `
<div>
  <section
    class="mainBlock fold"
    data-testid="error"
  >
    <div
      class="message"
    >
      에러가 발생하였습니다
    </div>
  </section>
</div>
`;

exports[`StoreInfo Presentational 테스트 정상적으로 출력하는 경우 1`] = `
<div>
  <section
    class="mainBlock fold"
    data-testid="result"
  >
    <div
      class="titleBlock"
    >
      <button
        class="moveList"
        data-testid="deleteStoreTab"
      >
        <svg
          fill="currentColor"
          height="25"
          stroke="currentColor"
          stroke-width="0"
          viewBox="0 0 1024 1024"
          width="25"
          xmlns="http://www.w3.org/2000/svg"
        >
          <path
            d="M724 218.3V141c0-6.7-7.7-10.4-12.9-6.3L260.3 486.8a31.86 31.86 0 0 0 0 50.3l450.8 352.1c5.3 4.1 12.9.4 12.9-6.3v-77.3c0-4.9-2.3-9.6-6.1-12.6l-360-281 360-281.1c3.8-3 6.1-7.7 6.1-12.6z"
          />
        </svg>
      </button>
      <h3
        class="storeName"
      >
        testName
      </h3>
      <p
        class="category"
      >
        testCategory
      </p>
      <svg
        class="bookmarkIcon"
        data-testid="postBookMark"
        fill="currentColor"
        height="1em"
        stroke="currentColor"
        stroke-width="0"
        viewBox="0 0 384 512"
        width="1em"
        xmlns="http://www.w3.org/2000/svg"
      >
        <path
          d="M336 0H48C21.49 0 0 21.49 0 48v464l192-112 192 112V48c0-26.51-21.49-48-48-48zm0 428.43l-144-84-144 84V54a6 6 0 0 1 6-6h276c3.314 0 6 2.683 6 5.996V428.43z"
        />
      </svg>
    </div>
    <div
      class="buttonBlock"
    >
      <button
        class="contributeButton"
      >
        <a
          href="/contribute/addreview"
        >
          후기 등록
        </a>
      </button>
      <button
        class="contributeButton"
      >
        <a
          href="/contribute/updatestoreposition/1"
        >
          위치 수정
        </a>
      </button>
      <button
        class="contributeButton"
      >
        <a
          href="/contribute/updatestoreinfo"
        >
          정보 수정
        </a>
      </button>
    </div>
    <div
      class="infoBlock"
    >
      <h4
        class="subTitle"
      >
        정보
      </h4>
      <p
        class="infoContentBlock"
      >
        <svg
          class="icon"
          fill="currentColor"
          height="18"
          stroke="currentColor"
          stroke-width="0"
          viewBox="0 0 16 16"
          width="18"
          xmlns="http://www.w3.org/2000/svg"
        >
          <path
            d="M1.885.511a1.745 1.745 0 0 1 2.61.163L6.29 2.98c.329.423.445.974.315 1.494l-.547 2.19a.678.678 0 0 0 .178.643l2.457 2.457a.678.678 0 0 0 .644.178l2.189-.547a1.745 1.745 0 0 1 1.494.315l2.306 1.794c.829.645.905 1.87.163 2.611l-1.034 1.034c-.74.74-1.846 1.065-2.877.702a18.634 18.634 0 0 1-7.01-4.42 18.634 18.634 0 0 1-4.42-7.009c-.362-1.03-.037-2.137.703-2.877L1.885.511z"
            fill-rule="evenodd"
          />
        </svg>
        testTel
      </p>
      <p
        class="infoContentBlock"
      >
        <svg
          class="icon"
          fill="currentColor"
          height="20"
          stroke="currentColor"
          stroke-width="0"
          viewBox="0 0 512 512"
          width="20"
          xmlns="http://www.w3.org/2000/svg"
        >
          <path
            d="M256 17.108c-75.73 0-137.122 61.392-137.122 137.122.055 23.25 6.022 46.107 11.58 56.262L256 494.892l119.982-274.244h-.063c11.27-20.324 17.188-43.18 17.202-66.418C393.122 78.5 331.73 17.108 256 17.108zm0 68.56a68.56 68.56 0 0 1 68.56 68.562A68.56 68.56 0 0 1 256 222.79a68.56 68.56 0 0 1-68.56-68.56A68.56 68.56 0 0 1 256 85.67z"
          />
        </svg>
        testAddress
      </p>
      <div
        class="infoContentBlock"
      >
        <div>
          <svg
            class="icon"
            fill="currentColor"
            height="20"
            stroke="currentColor"
            stroke-width="0"
            viewBox="0 0 24 24"
            width="20"
            xmlns="http://www.w3.org/2000/svg"
          >
            <path
              d="M12 2C6.486 2 2 6.486 2 12s4.486 10 10 10 10-4.486 10-10S17.514 2 12 2zm0 18c-4.411 0-8-3.589-8-8s3.589-8 8-8 8 3.589 8 8-3.589 8-8 8z"
            />
            <path
              d="M13 7h-2v5.414l3.293 3.293 1.414-1.414L13 11.586z"
            />
          </svg>
        </div>
        <p
          class="openingHours"
        >
          testOpeningHour
        </p>
      </div>
    </div>
    <div
      class="menuListBlock"
    >
      <h4
        class="subTitle"
      >
        메뉴
      </h4>
      <div
        class="menuBlock"
      />
    </div>
    <div
      class="reviewBlock"
    >
      <h4
        class="subTitle"
      >
        후기
      </h4>
      <div
        class="tagListBlock"
      />
      <div
        class="commentListBlock"
      />
    </div>
  </section>
</div>
`;
