// Jest Snapshot v1, https://goo.gl/fbAQLP

exports[`MyPassword Presentational 테스트 노트북 이하 사이즈 1`] = `
<div>
  <div
    class="mainBlock"
  >
    <div
      class="mainBlock"
    >
      <div
        class="subTitle"
      >
        장소찾기
      </div>
      <ul
        class="navList"
      >
        <li
          class="nav"
        >
          <a
            href="/user/mypage/bookmark"
          >
            북마크
          </a>
        </li>
        <li
          class="nav"
        >
          <a
            href="/user/mypage/review"
          >
            작성 후기
          </a>
        </li>
      </ul>
      <div
        class="subTitle"
      >
        커뮤니티
      </div>
      <ul
        class="navList"
      >
        <li
          class="nav"
        >
          <a
            href="/user/mypage/post"
          >
            작성 글
          </a>
        </li>
        <li
          class="nav"
        >
          <a
            href="/user/mypage/comment"
          >
            작성 댓글
          </a>
        </li>
      </ul>
      <div
        class="subTitle"
      >
        계정
      </div>
      <ul
        class="navList"
      >
        <li
          class="nav"
        >
          <a
            href="/user/mypage/infosetting"
          >
            내 정보
          </a>
        </li>
        <li
          class="nav"
        >
          <a
            href="/user/mypage/withdrawal"
          >
            회원 탈퇴
          </a>
        </li>
      </ul>
    </div>
    <div
      class="subBlock"
    >
      <h1
        class="title"
      >
        회원탈퇴
      </h1>
      <div>
        <div
          class="contentBlock"
        >
          <div
            class="subTitle"
          >
            개인정보 삭제
          </div>
          <div
            class="content"
          >
            사용자의 아이디 닉네임과 작성한 후기 포스트 댓글이 모두 삭제됩니다.
          </div>
        </div>
        <div
          class="contentBlock"
        >
          <div
            class="subTitle"
          >
            소셜 계정 연결 정보 삭제
          </div>
          <div
            class="content"
          >
            소셜 계정을 연결한 경우 탈퇴 시 연결 정보도 함께 삭제됩니다.
          </div>
        </div>
      </div>
      <div
        class="buttonBlock"
      >
        <button
          class="button agree"
          data-testid="withdrawalButton"
        >
          동의
        </button>
        <button
          class="button disagree"
          data-testid="disagreeButton"
        >
          비동의
        </button>
      </div>
    </div>
  </div>
</div>
`;

exports[`MyPassword Presentational 테스트 데스크톱 1`] = `
<div>
  <div
    class="mainBlock"
  >
    <div
      class="mainBlock"
    >
      <div
        class="subTitle"
      >
        장소찾기
      </div>
      <ul
        class="navList"
      >
        <li
          class="nav"
        >
          <a
            href="/user/mypage/bookmark"
          >
            북마크
          </a>
        </li>
        <li
          class="nav"
        >
          <a
            href="/user/mypage/review"
          >
            작성 후기
          </a>
        </li>
      </ul>
      <div
        class="subTitle"
      >
        커뮤니티
      </div>
      <ul
        class="navList"
      >
        <li
          class="nav"
        >
          <a
            href="/user/mypage/post"
          >
            작성 글
          </a>
        </li>
        <li
          class="nav"
        >
          <a
            href="/user/mypage/comment"
          >
            작성 댓글
          </a>
        </li>
      </ul>
      <div
        class="subTitle"
      >
        계정
      </div>
      <ul
        class="navList"
      >
        <li
          class="nav"
        >
          <a
            href="/user/mypage/infosetting"
          >
            내 정보
          </a>
        </li>
        <li
          class="nav"
        >
          <a
            href="/user/mypage/withdrawal"
          >
            회원 탈퇴
          </a>
        </li>
      </ul>
    </div>
    <div
      class="subBlock"
    >
      <h1
        class="title"
      >
        회원탈퇴
      </h1>
      <div>
        <div
          class="contentBlock"
        >
          <div
            class="subTitle"
          >
            개인정보 삭제
          </div>
          <div
            class="content"
          >
            사용자의 아이디 닉네임과 작성한 후기 포스트 댓글이 모두 삭제됩니다.
          </div>
        </div>
        <div
          class="contentBlock"
        >
          <div
            class="subTitle"
          >
            소셜 계정 연결 정보 삭제
          </div>
          <div
            class="content"
          >
            소셜 계정을 연결한 경우 탈퇴 시 연결 정보도 함께 삭제됩니다.
          </div>
        </div>
      </div>
      <div
        class="buttonBlock"
      >
        <button
          class="button agree"
          data-testid="withdrawalButton"
        >
          동의
        </button>
        <button
          class="button disagree"
          data-testid="disagreeButton"
        >
          비동의
        </button>
      </div>
    </div>
  </div>
</div>
`;
