// Jest Snapshot v1, https://goo.gl/fbAQLP

exports[` 1`] = `
<div>
  <div
    class="mainBlock"
  >
    <h1
      class="title"
    >
      장소 등록
    </h1>
    <div
      class="map"
      style="width: 800px; height: 800px;"
    />
    <div
      class="addressBlock"
    >
      <input
        class="addressInput"
        placeholder="지도를 클릭하거나 주소입력후 우측 버튼을 누르세요"
      />
      <button
        class="addressButton"
        data-testid="setAddress"
      >
        주소 설정
      </button>
    </div>
    <div
      class="submitButtonBlock"
    >
      <button
        class="submitButton"
        data-testid="moveSetpage"
      >
        이 위치로 장소 설정후 다음단계로 이동
      </button>
    </div>
  </div>
</div>
`;
