// Jest Snapshot v1, https://goo.gl/fbAQLP

exports[`MapSideBar Presentational 테스트 hashtag,result 일때 1`] = `
<div>
  <div
    class="mainBlock fold"
  >
    <div
      class="searchmethodcontainer"
    >
      <div
        class="selectedsearchmethod"
        data-testid="changeSidebarStatushashtag"
      >
        해시태그로 검색하기
      </div>
      <div
        class="searchmethod"
        data-testid="changeSidebarStatuskeyword"
      >
        키워드로 검색하기
      </div>
    </div>
    <main
      class="mainBlock"
    >
      <div>
        <ul
          class="categoryListBlock"
        >
          <li
            class="category"
            data-testid="dispatchCategory0"
          >
            카페
          </li>
          <li
            class="category"
            data-testid="dispatchCategory1"
          >
            식당
          </li>
          <li
            class="category"
            data-testid="dispatchCategory2"
          >
            주점
          </li>
        </ul>
      </div>
      <section
        class="centerPostisionBlock"
      >
        <h1
          class="title"
        >
          기준 장소
        </h1>
        <div
          class="inputBlock"
        >
          <input
            class="adressInput"
          />
          <button
            class="adressButton"
            data-testid="dispatchAddress"
          >
            설정
          </button>
          <div
            class="alert"
          />
        </div>
      </section>
      <section
        class="tagscontainer"
      />
      <button
        class="searchbutton"
        data-testid="dispatchSearchStore"
      >
        검색하기
      </button>
    </main>
  </div>
</div>
`;

exports[`MapSideBar Presentational 테스트 hashtag,search 일때 1`] = `
<div>
  <div
    class="mainBlock fold"
  >
    <div
      class="searchmethodcontainer"
    >
      <div
        class="selectedsearchmethod"
        data-testid="changeSidebarStatushashtag"
      >
        해시태그로 검색하기
      </div>
      <div
        class="searchmethod"
        data-testid="changeSidebarStatuskeyword"
      >
        키워드로 검색하기
      </div>
    </div>
    <main
      class="mainBlock"
    >
      <div>
        <ul
          class="categoryListBlock"
        >
          <li
            class="category"
            data-testid="dispatchCategory0"
          >
            카페
          </li>
          <li
            class="category"
            data-testid="dispatchCategory1"
          >
            식당
          </li>
          <li
            class="category"
            data-testid="dispatchCategory2"
          >
            주점
          </li>
        </ul>
      </div>
      <section
        class="centerPostisionBlock"
      >
        <h1
          class="title"
        >
          기준 장소
        </h1>
        <div
          class="inputBlock"
        >
          <input
            class="adressInput"
          />
          <button
            class="adressButton"
            data-testid="dispatchAddress"
          >
            설정
          </button>
          <div
            class="alert"
          />
        </div>
      </section>
      <section
        class="tagscontainer"
      />
      <button
        class="searchbutton"
        data-testid="dispatchSearchStore"
      >
        검색하기
      </button>
    </main>
  </div>
</div>
`;

exports[`MapSideBar Presentational 테스트 name,search 일때 1`] = `
<div>
  <div
    class="mainBlock fold"
  >
    <div
      class="searchmethodcontainer"
    >
      <div
        class="selectedsearchmethod"
        data-testid="changeSidebarStatushashtag"
      >
        해시태그로 검색하기
      </div>
      <div
        class="searchmethod"
        data-testid="changeSidebarStatuskeyword"
      >
        키워드로 검색하기
      </div>
    </div>
    <main
      class="mainBlock"
    >
      <div>
        <ul
          class="categoryListBlock"
        >
          <li
            class="category"
            data-testid="dispatchCategory0"
          >
            카페
          </li>
          <li
            class="category"
            data-testid="dispatchCategory1"
          >
            식당
          </li>
          <li
            class="category"
            data-testid="dispatchCategory2"
          >
            주점
          </li>
        </ul>
      </div>
      <section
        class="centerPostisionBlock"
      >
        <h1
          class="title"
        >
          기준 장소
        </h1>
        <div
          class="inputBlock"
        >
          <input
            class="adressInput"
          />
          <button
            class="adressButton"
            data-testid="dispatchAddress"
          >
            설정
          </button>
          <div
            class="alert"
          />
        </div>
      </section>
      <section
        class="tagscontainer"
      />
      <button
        class="searchbutton"
        data-testid="dispatchSearchStore"
      >
        검색하기
      </button>
    </main>
  </div>
</div>
`;
