// Jest Snapshot v1, https://goo.gl/fbAQLP

exports[`StoreRank Presentational 테스트 에러발생 1`] = `
<div>
  <section
    class="mainBlock"
    data-testid="error"
  >
    <h3
      class="title"
    >
      인기 Place
    </h3>
    <p
      class="error"
    >
      에러가 발생하였습니다
    </p>
  </section>
</div>
`;

exports[`StoreRank Presentational 테스트 정상 출력 1`] = `
<div>
  <section
    class="mainBlock"
    data-testid="result"
  >
    <div
      class="titleBlock"
    >
      <h3
        class="title"
      >
        인기 Place
      </h3>
      <p
        class="renewTime"
      >
        testRenewTime 기준
      </p>
    </div>
    <div
      class="storeList"
    >
      <div>
        <div
          class="storeBlock"
          data-testid="moveTargetStore0"
        >
          <div
            class="image"
          >
            <span
              style="box-sizing: border-box; display: inline-block; overflow: hidden; background: none; opacity: 1; border: 0px; margin: 0px; padding: 0px; position: relative; max-width: 100%;"
            >
              <span
                style="box-sizing: border-box; display: block; background: none; opacity: 1; border: 0px; margin: 0px; padding: 0px; max-width: 100%;"
              >
                <img
                  alt=""
                  aria-hidden="true"
                  src="data:image/svg+xml,%3csvg%20xmlns=%27http://www.w3.org/2000/svg%27%20version=%271.1%27%20width=%27220%27%20height=%27150%27/%3e"
                  style="display: block; max-width: 100%; background: none; opacity: 1; border: 0px; margin: 0px; padding: 0px;"
                />
              </span>
              <img
                alt="searchImg"
                data-nimg="intrinsic"
                decoding="async"
                src="/107.svg"
                srcset="/107.svg 1x, /107.svg 2x"
                style="position: absolute; top: 0px; left: 0px; bottom: 0px; right: 0px; box-sizing: border-box; padding: 0px; margin: auto; display: block; width: 0px; height: 0px; min-width: 100%; max-width: 100%; min-height: 100%; max-height: 100%;"
              />
            </span>
          </div>
          <h4
            class="storeName"
          >
            testName
          </h4>
          <p
            class="address"
          >
            testAddress
          </p>
          <ul
            class="infoList"
          >
            <li
              class="info"
            >
              <svg
                fill="currentColor"
                height="1em"
                stroke="currentColor"
                stroke-width="0"
                viewBox="0 0 24 24"
                width="1em"
                xmlns="http://www.w3.org/2000/svg"
              >
                <path
                  d="M12,21 C7,21 1,16 1,12 C1,8 7,3 12,3 C17,3 23,8 23,12 C23,16 17,21 12,21 Z M12,7 C9.23875,7 7,9.23875 7,12 C7,14.76125 9.23875,17 12,17 C14.76125,17 17,14.76125 17,12 C17,9.23875 14.76125,7 12,7 L12,7 Z"
                  fill="none"
                  stroke="#000"
                  stroke-width="2"
                />
              </svg>
              1
            </li>
            <li
              class="info"
            >
              <svg
                fill="currentColor"
                height="1em"
                stroke="currentColor"
                stroke-width="0"
                viewBox="0 0 24 24"
                width="1em"
                xmlns="http://www.w3.org/2000/svg"
              >
                <path
                  d="M18 2H6c-1.103 0-2 .897-2 2v18l8-4.572L20 22V4c0-1.103-.897-2-2-2zm0 16.553-6-3.428-6 3.428V4h12v14.553z"
                />
              </svg>
              1
            </li>
            <li
              class="info"
            >
              <svg
                fill="currentColor"
                height="1em"
                stroke="currentColor"
                stroke-width="0"
                viewBox="0 0 24 24"
                width="1em"
                xmlns="http://www.w3.org/2000/svg"
              >
                <path
                  d="M7 7h10v2H7zm0 4h7v2H7z"
                />
                <path
                  d="M20 2H4c-1.103 0-2 .897-2 2v18l5.333-4H20c1.103 0 2-.897 2-2V4c0-1.103-.897-2-2-2zm0 14H6.667L4 18V4h16v12z"
                />
              </svg>
              1
            </li>
          </ul>
        </div>
        <div
          class="storeBlock"
          data-testid="moveTargetStore5"
        >
          <div
            class="image"
          >
            <span
              style="box-sizing: border-box; display: inline-block; overflow: hidden; background: none; opacity: 1; border: 0px; margin: 0px; padding: 0px; position: relative; max-width: 100%;"
            >
              <span
                style="box-sizing: border-box; display: block; background: none; opacity: 1; border: 0px; margin: 0px; padding: 0px; max-width: 100%;"
              >
                <img
                  alt=""
                  aria-hidden="true"
                  src="data:image/svg+xml,%3csvg%20xmlns=%27http://www.w3.org/2000/svg%27%20version=%271.1%27%20width=%27220%27%20height=%27150%27/%3e"
                  style="display: block; max-width: 100%; background: none; opacity: 1; border: 0px; margin: 0px; padding: 0px;"
                />
              </span>
              <img
                alt="searchImg"
                data-nimg="intrinsic"
                decoding="async"
                src="/107.svg"
                srcset="/107.svg 1x, /107.svg 2x"
                style="position: absolute; top: 0px; left: 0px; bottom: 0px; right: 0px; box-sizing: border-box; padding: 0px; margin: auto; display: block; width: 0px; height: 0px; min-width: 100%; max-width: 100%; min-height: 100%; max-height: 100%;"
              />
            </span>
          </div>
          <h4
            class="storeName"
          >
            testName
          </h4>
          <p
            class="address"
          >
            testAddress
          </p>
          <ul
            class="infoList"
          >
            <li
              class="info"
            >
              <svg
                fill="currentColor"
                height="1em"
                stroke="currentColor"
                stroke-width="0"
                viewBox="0 0 24 24"
                width="1em"
                xmlns="http://www.w3.org/2000/svg"
              >
                <path
                  d="M12,21 C7,21 1,16 1,12 C1,8 7,3 12,3 C17,3 23,8 23,12 C23,16 17,21 12,21 Z M12,7 C9.23875,7 7,9.23875 7,12 C7,14.76125 9.23875,17 12,17 C14.76125,17 17,14.76125 17,12 C17,9.23875 14.76125,7 12,7 L12,7 Z"
                  fill="none"
                  stroke="#000"
                  stroke-width="2"
                />
              </svg>
              1
            </li>
            <li
              class="info"
            >
              <svg
                fill="currentColor"
                height="1em"
                stroke="currentColor"
                stroke-width="0"
                viewBox="0 0 24 24"
                width="1em"
                xmlns="http://www.w3.org/2000/svg"
              >
                <path
                  d="M18 2H6c-1.103 0-2 .897-2 2v18l8-4.572L20 22V4c0-1.103-.897-2-2-2zm0 16.553-6-3.428-6 3.428V4h12v14.553z"
                />
              </svg>
              1
            </li>
            <li
              class="info"
            >
              <svg
                fill="currentColor"
                height="1em"
                stroke="currentColor"
                stroke-width="0"
                viewBox="0 0 24 24"
                width="1em"
                xmlns="http://www.w3.org/2000/svg"
              >
                <path
                  d="M7 7h10v2H7zm0 4h7v2H7z"
                />
                <path
                  d="M20 2H4c-1.103 0-2 .897-2 2v18l5.333-4H20c1.103 0 2-.897 2-2V4c0-1.103-.897-2-2-2zm0 14H6.667L4 18V4h16v12z"
                />
              </svg>
              1
            </li>
          </ul>
        </div>
      </div>
      <div>
        <div
          class="storeBlock"
          data-testid="moveTargetStore1"
        >
          <div
            class="image"
          >
            <span
              style="box-sizing: border-box; display: inline-block; overflow: hidden; background: none; opacity: 1; border: 0px; margin: 0px; padding: 0px; position: relative; max-width: 100%;"
            >
              <span
                style="box-sizing: border-box; display: block; background: none; opacity: 1; border: 0px; margin: 0px; padding: 0px; max-width: 100%;"
              >
                <img
                  alt=""
                  aria-hidden="true"
                  src="data:image/svg+xml,%3csvg%20xmlns=%27http://www.w3.org/2000/svg%27%20version=%271.1%27%20width=%27220%27%20height=%27150%27/%3e"
                  style="display: block; max-width: 100%; background: none; opacity: 1; border: 0px; margin: 0px; padding: 0px;"
                />
              </span>
              <img
                alt="searchImg"
                data-nimg="intrinsic"
                decoding="async"
                src="/107.svg"
                srcset="/107.svg 1x, /107.svg 2x"
                style="position: absolute; top: 0px; left: 0px; bottom: 0px; right: 0px; box-sizing: border-box; padding: 0px; margin: auto; display: block; width: 0px; height: 0px; min-width: 100%; max-width: 100%; min-height: 100%; max-height: 100%;"
              />
            </span>
          </div>
          <h4
            class="storeName"
          >
            testName
          </h4>
          <p
            class="address"
          >
            testAddress
          </p>
          <ul
            class="infoList"
          >
            <li
              class="info"
            >
              <svg
                fill="currentColor"
                height="1em"
                stroke="currentColor"
                stroke-width="0"
                viewBox="0 0 24 24"
                width="1em"
                xmlns="http://www.w3.org/2000/svg"
              >
                <path
                  d="M12,21 C7,21 1,16 1,12 C1,8 7,3 12,3 C17,3 23,8 23,12 C23,16 17,21 12,21 Z M12,7 C9.23875,7 7,9.23875 7,12 C7,14.76125 9.23875,17 12,17 C14.76125,17 17,14.76125 17,12 C17,9.23875 14.76125,7 12,7 L12,7 Z"
                  fill="none"
                  stroke="#000"
                  stroke-width="2"
                />
              </svg>
              1
            </li>
            <li
              class="info"
            >
              <svg
                fill="currentColor"
                height="1em"
                stroke="currentColor"
                stroke-width="0"
                viewBox="0 0 24 24"
                width="1em"
                xmlns="http://www.w3.org/2000/svg"
              >
                <path
                  d="M18 2H6c-1.103 0-2 .897-2 2v18l8-4.572L20 22V4c0-1.103-.897-2-2-2zm0 16.553-6-3.428-6 3.428V4h12v14.553z"
                />
              </svg>
              1
            </li>
            <li
              class="info"
            >
              <svg
                fill="currentColor"
                height="1em"
                stroke="currentColor"
                stroke-width="0"
                viewBox="0 0 24 24"
                width="1em"
                xmlns="http://www.w3.org/2000/svg"
              >
                <path
                  d="M7 7h10v2H7zm0 4h7v2H7z"
                />
                <path
                  d="M20 2H4c-1.103 0-2 .897-2 2v18l5.333-4H20c1.103 0 2-.897 2-2V4c0-1.103-.897-2-2-2zm0 14H6.667L4 18V4h16v12z"
                />
              </svg>
              1
            </li>
          </ul>
        </div>
        <div
          class="storeBlock"
          data-testid="moveTargetStore6"
        >
          <div
            class="image"
          >
            <span
              style="box-sizing: border-box; display: inline-block; overflow: hidden; background: none; opacity: 1; border: 0px; margin: 0px; padding: 0px; position: relative; max-width: 100%;"
            >
              <span
                style="box-sizing: border-box; display: block; background: none; opacity: 1; border: 0px; margin: 0px; padding: 0px; max-width: 100%;"
              >
                <img
                  alt=""
                  aria-hidden="true"
                  src="data:image/svg+xml,%3csvg%20xmlns=%27http://www.w3.org/2000/svg%27%20version=%271.1%27%20width=%27220%27%20height=%27150%27/%3e"
                  style="display: block; max-width: 100%; background: none; opacity: 1; border: 0px; margin: 0px; padding: 0px;"
                />
              </span>
              <img
                alt="searchImg"
                data-nimg="intrinsic"
                decoding="async"
                src="/107.svg"
                srcset="/107.svg 1x, /107.svg 2x"
                style="position: absolute; top: 0px; left: 0px; bottom: 0px; right: 0px; box-sizing: border-box; padding: 0px; margin: auto; display: block; width: 0px; height: 0px; min-width: 100%; max-width: 100%; min-height: 100%; max-height: 100%;"
              />
            </span>
          </div>
          <h4
            class="storeName"
          >
            testName
          </h4>
          <p
            class="address"
          >
            testAddress
          </p>
          <ul
            class="infoList"
          >
            <li
              class="info"
            >
              <svg
                fill="currentColor"
                height="1em"
                stroke="currentColor"
                stroke-width="0"
                viewBox="0 0 24 24"
                width="1em"
                xmlns="http://www.w3.org/2000/svg"
              >
                <path
                  d="M12,21 C7,21 1,16 1,12 C1,8 7,3 12,3 C17,3 23,8 23,12 C23,16 17,21 12,21 Z M12,7 C9.23875,7 7,9.23875 7,12 C7,14.76125 9.23875,17 12,17 C14.76125,17 17,14.76125 17,12 C17,9.23875 14.76125,7 12,7 L12,7 Z"
                  fill="none"
                  stroke="#000"
                  stroke-width="2"
                />
              </svg>
              1
            </li>
            <li
              class="info"
            >
              <svg
                fill="currentColor"
                height="1em"
                stroke="currentColor"
                stroke-width="0"
                viewBox="0 0 24 24"
                width="1em"
                xmlns="http://www.w3.org/2000/svg"
              >
                <path
                  d="M18 2H6c-1.103 0-2 .897-2 2v18l8-4.572L20 22V4c0-1.103-.897-2-2-2zm0 16.553-6-3.428-6 3.428V4h12v14.553z"
                />
              </svg>
              1
            </li>
            <li
              class="info"
            >
              <svg
                fill="currentColor"
                height="1em"
                stroke="currentColor"
                stroke-width="0"
                viewBox="0 0 24 24"
                width="1em"
                xmlns="http://www.w3.org/2000/svg"
              >
                <path
                  d="M7 7h10v2H7zm0 4h7v2H7z"
                />
                <path
                  d="M20 2H4c-1.103 0-2 .897-2 2v18l5.333-4H20c1.103 0 2-.897 2-2V4c0-1.103-.897-2-2-2zm0 14H6.667L4 18V4h16v12z"
                />
              </svg>
              1
            </li>
          </ul>
        </div>
      </div>
      <div>
        <div
          class="storeBlock"
          data-testid="moveTargetStore2"
        >
          <div
            class="image"
          >
            <span
              style="box-sizing: border-box; display: inline-block; overflow: hidden; background: none; opacity: 1; border: 0px; margin: 0px; padding: 0px; position: relative; max-width: 100%;"
            >
              <span
                style="box-sizing: border-box; display: block; background: none; opacity: 1; border: 0px; margin: 0px; padding: 0px; max-width: 100%;"
              >
                <img
                  alt=""
                  aria-hidden="true"
                  src="data:image/svg+xml,%3csvg%20xmlns=%27http://www.w3.org/2000/svg%27%20version=%271.1%27%20width=%27220%27%20height=%27150%27/%3e"
                  style="display: block; max-width: 100%; background: none; opacity: 1; border: 0px; margin: 0px; padding: 0px;"
                />
              </span>
              <img
                alt="searchImg"
                data-nimg="intrinsic"
                decoding="async"
                src="/107.svg"
                srcset="/107.svg 1x, /107.svg 2x"
                style="position: absolute; top: 0px; left: 0px; bottom: 0px; right: 0px; box-sizing: border-box; padding: 0px; margin: auto; display: block; width: 0px; height: 0px; min-width: 100%; max-width: 100%; min-height: 100%; max-height: 100%;"
              />
            </span>
          </div>
          <h4
            class="storeName"
          >
            testName
          </h4>
          <p
            class="address"
          >
            testAddress
          </p>
          <ul
            class="infoList"
          >
            <li
              class="info"
            >
              <svg
                fill="currentColor"
                height="1em"
                stroke="currentColor"
                stroke-width="0"
                viewBox="0 0 24 24"
                width="1em"
                xmlns="http://www.w3.org/2000/svg"
              >
                <path
                  d="M12,21 C7,21 1,16 1,12 C1,8 7,3 12,3 C17,3 23,8 23,12 C23,16 17,21 12,21 Z M12,7 C9.23875,7 7,9.23875 7,12 C7,14.76125 9.23875,17 12,17 C14.76125,17 17,14.76125 17,12 C17,9.23875 14.76125,7 12,7 L12,7 Z"
                  fill="none"
                  stroke="#000"
                  stroke-width="2"
                />
              </svg>
              1
            </li>
            <li
              class="info"
            >
              <svg
                fill="currentColor"
                height="1em"
                stroke="currentColor"
                stroke-width="0"
                viewBox="0 0 24 24"
                width="1em"
                xmlns="http://www.w3.org/2000/svg"
              >
                <path
                  d="M18 2H6c-1.103 0-2 .897-2 2v18l8-4.572L20 22V4c0-1.103-.897-2-2-2zm0 16.553-6-3.428-6 3.428V4h12v14.553z"
                />
              </svg>
              1
            </li>
            <li
              class="info"
            >
              <svg
                fill="currentColor"
                height="1em"
                stroke="currentColor"
                stroke-width="0"
                viewBox="0 0 24 24"
                width="1em"
                xmlns="http://www.w3.org/2000/svg"
              >
                <path
                  d="M7 7h10v2H7zm0 4h7v2H7z"
                />
                <path
                  d="M20 2H4c-1.103 0-2 .897-2 2v18l5.333-4H20c1.103 0 2-.897 2-2V4c0-1.103-.897-2-2-2zm0 14H6.667L4 18V4h16v12z"
                />
              </svg>
              1
            </li>
          </ul>
        </div>
        <div
          class="storeBlock"
          data-testid="moveTargetStore7"
        >
          <div
            class="image"
          >
            <span
              style="box-sizing: border-box; display: inline-block; overflow: hidden; background: none; opacity: 1; border: 0px; margin: 0px; padding: 0px; position: relative; max-width: 100%;"
            >
              <span
                style="box-sizing: border-box; display: block; background: none; opacity: 1; border: 0px; margin: 0px; padding: 0px; max-width: 100%;"
              >
                <img
                  alt=""
                  aria-hidden="true"
                  src="data:image/svg+xml,%3csvg%20xmlns=%27http://www.w3.org/2000/svg%27%20version=%271.1%27%20width=%27220%27%20height=%27150%27/%3e"
                  style="display: block; max-width: 100%; background: none; opacity: 1; border: 0px; margin: 0px; padding: 0px;"
                />
              </span>
              <img
                alt="searchImg"
                data-nimg="intrinsic"
                decoding="async"
                src="/107.svg"
                srcset="/107.svg 1x, /107.svg 2x"
                style="position: absolute; top: 0px; left: 0px; bottom: 0px; right: 0px; box-sizing: border-box; padding: 0px; margin: auto; display: block; width: 0px; height: 0px; min-width: 100%; max-width: 100%; min-height: 100%; max-height: 100%;"
              />
            </span>
          </div>
          <h4
            class="storeName"
          >
            testName
          </h4>
          <p
            class="address"
          >
            testAddress
          </p>
          <ul
            class="infoList"
          >
            <li
              class="info"
            >
              <svg
                fill="currentColor"
                height="1em"
                stroke="currentColor"
                stroke-width="0"
                viewBox="0 0 24 24"
                width="1em"
                xmlns="http://www.w3.org/2000/svg"
              >
                <path
                  d="M12,21 C7,21 1,16 1,12 C1,8 7,3 12,3 C17,3 23,8 23,12 C23,16 17,21 12,21 Z M12,7 C9.23875,7 7,9.23875 7,12 C7,14.76125 9.23875,17 12,17 C14.76125,17 17,14.76125 17,12 C17,9.23875 14.76125,7 12,7 L12,7 Z"
                  fill="none"
                  stroke="#000"
                  stroke-width="2"
                />
              </svg>
              1
            </li>
            <li
              class="info"
            >
              <svg
                fill="currentColor"
                height="1em"
                stroke="currentColor"
                stroke-width="0"
                viewBox="0 0 24 24"
                width="1em"
                xmlns="http://www.w3.org/2000/svg"
              >
                <path
                  d="M18 2H6c-1.103 0-2 .897-2 2v18l8-4.572L20 22V4c0-1.103-.897-2-2-2zm0 16.553-6-3.428-6 3.428V4h12v14.553z"
                />
              </svg>
              1
            </li>
            <li
              class="info"
            >
              <svg
                fill="currentColor"
                height="1em"
                stroke="currentColor"
                stroke-width="0"
                viewBox="0 0 24 24"
                width="1em"
                xmlns="http://www.w3.org/2000/svg"
              >
                <path
                  d="M7 7h10v2H7zm0 4h7v2H7z"
                />
                <path
                  d="M20 2H4c-1.103 0-2 .897-2 2v18l5.333-4H20c1.103 0 2-.897 2-2V4c0-1.103-.897-2-2-2zm0 14H6.667L4 18V4h16v12z"
                />
              </svg>
              1
            </li>
          </ul>
        </div>
      </div>
      <div>
        <div
          class="storeBlock"
          data-testid="moveTargetStore3"
        >
          <div
            class="image"
          >
            <span
              style="box-sizing: border-box; display: inline-block; overflow: hidden; background: none; opacity: 1; border: 0px; margin: 0px; padding: 0px; position: relative; max-width: 100%;"
            >
              <span
                style="box-sizing: border-box; display: block; background: none; opacity: 1; border: 0px; margin: 0px; padding: 0px; max-width: 100%;"
              >
                <img
                  alt=""
                  aria-hidden="true"
                  src="data:image/svg+xml,%3csvg%20xmlns=%27http://www.w3.org/2000/svg%27%20version=%271.1%27%20width=%27220%27%20height=%27150%27/%3e"
                  style="display: block; max-width: 100%; background: none; opacity: 1; border: 0px; margin: 0px; padding: 0px;"
                />
              </span>
              <img
                alt="searchImg"
                data-nimg="intrinsic"
                decoding="async"
                src="/107.svg"
                srcset="/107.svg 1x, /107.svg 2x"
                style="position: absolute; top: 0px; left: 0px; bottom: 0px; right: 0px; box-sizing: border-box; padding: 0px; margin: auto; display: block; width: 0px; height: 0px; min-width: 100%; max-width: 100%; min-height: 100%; max-height: 100%;"
              />
            </span>
          </div>
          <h4
            class="storeName"
          >
            testName
          </h4>
          <p
            class="address"
          >
            testAddress
          </p>
          <ul
            class="infoList"
          >
            <li
              class="info"
            >
              <svg
                fill="currentColor"
                height="1em"
                stroke="currentColor"
                stroke-width="0"
                viewBox="0 0 24 24"
                width="1em"
                xmlns="http://www.w3.org/2000/svg"
              >
                <path
                  d="M12,21 C7,21 1,16 1,12 C1,8 7,3 12,3 C17,3 23,8 23,12 C23,16 17,21 12,21 Z M12,7 C9.23875,7 7,9.23875 7,12 C7,14.76125 9.23875,17 12,17 C14.76125,17 17,14.76125 17,12 C17,9.23875 14.76125,7 12,7 L12,7 Z"
                  fill="none"
                  stroke="#000"
                  stroke-width="2"
                />
              </svg>
              1
            </li>
            <li
              class="info"
            >
              <svg
                fill="currentColor"
                height="1em"
                stroke="currentColor"
                stroke-width="0"
                viewBox="0 0 24 24"
                width="1em"
                xmlns="http://www.w3.org/2000/svg"
              >
                <path
                  d="M18 2H6c-1.103 0-2 .897-2 2v18l8-4.572L20 22V4c0-1.103-.897-2-2-2zm0 16.553-6-3.428-6 3.428V4h12v14.553z"
                />
              </svg>
              1
            </li>
            <li
              class="info"
            >
              <svg
                fill="currentColor"
                height="1em"
                stroke="currentColor"
                stroke-width="0"
                viewBox="0 0 24 24"
                width="1em"
                xmlns="http://www.w3.org/2000/svg"
              >
                <path
                  d="M7 7h10v2H7zm0 4h7v2H7z"
                />
                <path
                  d="M20 2H4c-1.103 0-2 .897-2 2v18l5.333-4H20c1.103 0 2-.897 2-2V4c0-1.103-.897-2-2-2zm0 14H6.667L4 18V4h16v12z"
                />
              </svg>
              1
            </li>
          </ul>
        </div>
        <div
          class="storeBlock"
          data-testid="moveTargetStore8"
        >
          <div
            class="image"
          >
            <span
              style="box-sizing: border-box; display: inline-block; overflow: hidden; background: none; opacity: 1; border: 0px; margin: 0px; padding: 0px; position: relative; max-width: 100%;"
            >
              <span
                style="box-sizing: border-box; display: block; background: none; opacity: 1; border: 0px; margin: 0px; padding: 0px; max-width: 100%;"
              >
                <img
                  alt=""
                  aria-hidden="true"
                  src="data:image/svg+xml,%3csvg%20xmlns=%27http://www.w3.org/2000/svg%27%20version=%271.1%27%20width=%27220%27%20height=%27150%27/%3e"
                  style="display: block; max-width: 100%; background: none; opacity: 1; border: 0px; margin: 0px; padding: 0px;"
                />
              </span>
              <img
                alt="searchImg"
                data-nimg="intrinsic"
                decoding="async"
                src="/107.svg"
                srcset="/107.svg 1x, /107.svg 2x"
                style="position: absolute; top: 0px; left: 0px; bottom: 0px; right: 0px; box-sizing: border-box; padding: 0px; margin: auto; display: block; width: 0px; height: 0px; min-width: 100%; max-width: 100%; min-height: 100%; max-height: 100%;"
              />
            </span>
          </div>
          <h4
            class="storeName"
          >
            testName
          </h4>
          <p
            class="address"
          >
            testAddress
          </p>
          <ul
            class="infoList"
          >
            <li
              class="info"
            >
              <svg
                fill="currentColor"
                height="1em"
                stroke="currentColor"
                stroke-width="0"
                viewBox="0 0 24 24"
                width="1em"
                xmlns="http://www.w3.org/2000/svg"
              >
                <path
                  d="M12,21 C7,21 1,16 1,12 C1,8 7,3 12,3 C17,3 23,8 23,12 C23,16 17,21 12,21 Z M12,7 C9.23875,7 7,9.23875 7,12 C7,14.76125 9.23875,17 12,17 C14.76125,17 17,14.76125 17,12 C17,9.23875 14.76125,7 12,7 L12,7 Z"
                  fill="none"
                  stroke="#000"
                  stroke-width="2"
                />
              </svg>
              1
            </li>
            <li
              class="info"
            >
              <svg
                fill="currentColor"
                height="1em"
                stroke="currentColor"
                stroke-width="0"
                viewBox="0 0 24 24"
                width="1em"
                xmlns="http://www.w3.org/2000/svg"
              >
                <path
                  d="M18 2H6c-1.103 0-2 .897-2 2v18l8-4.572L20 22V4c0-1.103-.897-2-2-2zm0 16.553-6-3.428-6 3.428V4h12v14.553z"
                />
              </svg>
              1
            </li>
            <li
              class="info"
            >
              <svg
                fill="currentColor"
                height="1em"
                stroke="currentColor"
                stroke-width="0"
                viewBox="0 0 24 24"
                width="1em"
                xmlns="http://www.w3.org/2000/svg"
              >
                <path
                  d="M7 7h10v2H7zm0 4h7v2H7z"
                />
                <path
                  d="M20 2H4c-1.103 0-2 .897-2 2v18l5.333-4H20c1.103 0 2-.897 2-2V4c0-1.103-.897-2-2-2zm0 14H6.667L4 18V4h16v12z"
                />
              </svg>
              1
            </li>
          </ul>
        </div>
      </div>
      <div>
        <div
          class="storeBlock end"
          data-testid="moveTargetStore4"
        >
          <div
            class="image"
          >
            <span
              style="box-sizing: border-box; display: inline-block; overflow: hidden; background: none; opacity: 1; border: 0px; margin: 0px; padding: 0px; position: relative; max-width: 100%;"
            >
              <span
                style="box-sizing: border-box; display: block; background: none; opacity: 1; border: 0px; margin: 0px; padding: 0px; max-width: 100%;"
              >
                <img
                  alt=""
                  aria-hidden="true"
                  src="data:image/svg+xml,%3csvg%20xmlns=%27http://www.w3.org/2000/svg%27%20version=%271.1%27%20width=%27220%27%20height=%27150%27/%3e"
                  style="display: block; max-width: 100%; background: none; opacity: 1; border: 0px; margin: 0px; padding: 0px;"
                />
              </span>
              <img
                alt="searchImg"
                data-nimg="intrinsic"
                decoding="async"
                src="/107.svg"
                srcset="/107.svg 1x, /107.svg 2x"
                style="position: absolute; top: 0px; left: 0px; bottom: 0px; right: 0px; box-sizing: border-box; padding: 0px; margin: auto; display: block; width: 0px; height: 0px; min-width: 100%; max-width: 100%; min-height: 100%; max-height: 100%;"
              />
            </span>
          </div>
          <h4
            class="storeName"
          >
            testName
          </h4>
          <p
            class="address"
          >
            testAddress
          </p>
          <ul
            class="infoList"
          >
            <li
              class="info"
            >
              <svg
                fill="currentColor"
                height="1em"
                stroke="currentColor"
                stroke-width="0"
                viewBox="0 0 24 24"
                width="1em"
                xmlns="http://www.w3.org/2000/svg"
              >
                <path
                  d="M12,21 C7,21 1,16 1,12 C1,8 7,3 12,3 C17,3 23,8 23,12 C23,16 17,21 12,21 Z M12,7 C9.23875,7 7,9.23875 7,12 C7,14.76125 9.23875,17 12,17 C14.76125,17 17,14.76125 17,12 C17,9.23875 14.76125,7 12,7 L12,7 Z"
                  fill="none"
                  stroke="#000"
                  stroke-width="2"
                />
              </svg>
              1
            </li>
            <li
              class="info"
            >
              <svg
                fill="currentColor"
                height="1em"
                stroke="currentColor"
                stroke-width="0"
                viewBox="0 0 24 24"
                width="1em"
                xmlns="http://www.w3.org/2000/svg"
              >
                <path
                  d="M18 2H6c-1.103 0-2 .897-2 2v18l8-4.572L20 22V4c0-1.103-.897-2-2-2zm0 16.553-6-3.428-6 3.428V4h12v14.553z"
                />
              </svg>
              1
            </li>
            <li
              class="info"
            >
              <svg
                fill="currentColor"
                height="1em"
                stroke="currentColor"
                stroke-width="0"
                viewBox="0 0 24 24"
                width="1em"
                xmlns="http://www.w3.org/2000/svg"
              >
                <path
                  d="M7 7h10v2H7zm0 4h7v2H7z"
                />
                <path
                  d="M20 2H4c-1.103 0-2 .897-2 2v18l5.333-4H20c1.103 0 2-.897 2-2V4c0-1.103-.897-2-2-2zm0 14H6.667L4 18V4h16v12z"
                />
              </svg>
              1
            </li>
          </ul>
        </div>
        <div
          class="storeBlock end"
          data-testid="moveTargetStore9"
        >
          <div
            class="image"
          >
            <span
              style="box-sizing: border-box; display: inline-block; overflow: hidden; background: none; opacity: 1; border: 0px; margin: 0px; padding: 0px; position: relative; max-width: 100%;"
            >
              <span
                style="box-sizing: border-box; display: block; background: none; opacity: 1; border: 0px; margin: 0px; padding: 0px; max-width: 100%;"
              >
                <img
                  alt=""
                  aria-hidden="true"
                  src="data:image/svg+xml,%3csvg%20xmlns=%27http://www.w3.org/2000/svg%27%20version=%271.1%27%20width=%27220%27%20height=%27150%27/%3e"
                  style="display: block; max-width: 100%; background: none; opacity: 1; border: 0px; margin: 0px; padding: 0px;"
                />
              </span>
              <img
                alt="searchImg"
                data-nimg="intrinsic"
                decoding="async"
                src="/107.svg"
                srcset="/107.svg 1x, /107.svg 2x"
                style="position: absolute; top: 0px; left: 0px; bottom: 0px; right: 0px; box-sizing: border-box; padding: 0px; margin: auto; display: block; width: 0px; height: 0px; min-width: 100%; max-width: 100%; min-height: 100%; max-height: 100%;"
              />
            </span>
          </div>
          <h4
            class="storeName"
          >
            testName
          </h4>
          <p
            class="address"
          >
            testAddress
          </p>
          <ul
            class="infoList"
          >
            <li
              class="info"
            >
              <svg
                fill="currentColor"
                height="1em"
                stroke="currentColor"
                stroke-width="0"
                viewBox="0 0 24 24"
                width="1em"
                xmlns="http://www.w3.org/2000/svg"
              >
                <path
                  d="M12,21 C7,21 1,16 1,12 C1,8 7,3 12,3 C17,3 23,8 23,12 C23,16 17,21 12,21 Z M12,7 C9.23875,7 7,9.23875 7,12 C7,14.76125 9.23875,17 12,17 C14.76125,17 17,14.76125 17,12 C17,9.23875 14.76125,7 12,7 L12,7 Z"
                  fill="none"
                  stroke="#000"
                  stroke-width="2"
                />
              </svg>
              1
            </li>
            <li
              class="info"
            >
              <svg
                fill="currentColor"
                height="1em"
                stroke="currentColor"
                stroke-width="0"
                viewBox="0 0 24 24"
                width="1em"
                xmlns="http://www.w3.org/2000/svg"
              >
                <path
                  d="M18 2H6c-1.103 0-2 .897-2 2v18l8-4.572L20 22V4c0-1.103-.897-2-2-2zm0 16.553-6-3.428-6 3.428V4h12v14.553z"
                />
              </svg>
              1
            </li>
            <li
              class="info"
            >
              <svg
                fill="currentColor"
                height="1em"
                stroke="currentColor"
                stroke-width="0"
                viewBox="0 0 24 24"
                width="1em"
                xmlns="http://www.w3.org/2000/svg"
              >
                <path
                  d="M7 7h10v2H7zm0 4h7v2H7z"
                />
                <path
                  d="M20 2H4c-1.103 0-2 .897-2 2v18l5.333-4H20c1.103 0 2-.897 2-2V4c0-1.103-.897-2-2-2zm0 14H6.667L4 18V4h16v12z"
                />
              </svg>
              1
            </li>
          </ul>
        </div>
      </div>
    </div>
  </section>
</div>
`;
