// Jest Snapshot v1, https://goo.gl/fbAQLP

exports[`TagSearch Presentational 테스트 정상 렌더링 1`] = `
<div>
  <main
    class="mainBlock"
  >
    <div>
      <ul
        class="categoryListBlock"
      >
        <li
          class="selectedCategory"
          data-testid="dispatchCategory0"
        >
          카페
        </li>
        <li
          class="category"
          data-testid="dispatchCategory1"
        >
          식당
        </li>
        <li
          class="category"
          data-testid="dispatchCategory2"
        >
          주점
        </li>
      </ul>
    </div>
    <section
      class="centerPostisionBlock"
    >
      <h1
        class="title"
      >
        기준 장소
      </h1>
      <div
        class="inputBlock"
      >
        <input
          class="adressInput"
        />
        <button
          class="adressButton"
          data-testid="dispatchAddress"
        >
          설정
        </button>
        <div
          class="alert"
        />
      </div>
    </section>
    <section
      class="tagscontainer"
    >
      <div
        class="title"
      >
        목적
      </div>
      <ul
        class="hashtagListBlock"
      >
        <li
          class="hashtag"
          data-testid="dispatchHashtag0"
        >
          #
          test
        </li>
      </ul>
    </section>
    <button
      class="searchbutton"
      data-testid="dispatchSearchStore"
    >
      검색하기
    </button>
  </main>
</div>
`;
